00:00 +0: loading C:/codings/theapp/test/widget_test.dart
00:00 +0: App boots without crashing
ÔòÉÔòÉÔòí EXCEPTION CAUGHT BY WIDGETS LIBRARY Ôò×ÔòÉÔòÉÔòÉÔòÉÔòÉÔòÉÔòÉÔòÉÔòÉÔòÉÔòÉÔòÉÔòÉÔòÉÔòÉÔòÉÔòÉÔòÉÔòÉÔòÉÔòÉÔòÉÔòÉÔòÉÔòÉÔòÉÔòÉÔòÉÔòÉÔòÉÔòÉÔòÉÔòÉÔòÉÔòÉÔòÉÔòÉÔòÉÔòÉÔòÉÔòÉÔòÉÔòÉÔòÉÔòÉÔòÉÔòÉÔòÉÔòÉÔòÉÔòÉÔòÉÔòÉÔòÉÔòÉÔòÉÔòÉÔòÉÔòÉ
The following FirebaseException was thrown building AuthWrapper(dirty, state:
_AuthWrapperState#ca5b1):
[core/no-app] No Firebase App '[DEFAULT]' has been created - call Firebase.initializeApp()

The relevant error-causing widget was:
  AuthWrapper AuthWrapper:file:///C:/codings/theapp/lib/main.dart:60:19

When the exception was thrown, this was the stack:
#0      MethodChannelFirebase.app (package:firebase_core_platform_interface/src/method_channel/method_channel_firebase.dart:190:5)
#1      Firebase.app (package:firebase_core/src/firebase.dart:91:41)
#2      FirebaseAuth.instance (package:firebase_auth/src/firebase_auth.dart:38:47)
#3      _AuthWrapperState.build (package:theapp/main.dart:138:30)
#4      StatefulElement.build (package:flutter/src/widgets/framework.dart:5934:27)
#5      ComponentElement.performRebuild (package:flutter/src/widgets/framework.dart:5820:15)
#6      StatefulElement.performRebuild (package:flutter/src/widgets/framework.dart:5985:11)
#7      Element.rebuild (package:flutter/src/widgets/framework.dart:5532:7)
#8      ComponentElement._firstBuild (package:flutter/src/widgets/framework.dart:5802:5)
#9      StatefulElement._firstBuild (package:flutter/src/widgets/framework.dart:5976:11)
#10     ComponentElement.mount (package:flutter/src/widgets/framework.dart:5796:5)
...     Normal element mounting (260 frames)
#270    Element.inflateWidget (package:flutter/src/widgets/framework.dart:4590:20)
#271    MultiChildRenderObjectElement.inflateWidget (package:flutter/src/widgets/framework.dart:7269:36)
#272    MultiChildRenderObjectElement.mount (package:flutter/src/widgets/framework.dart:7285:32)
...     Normal element mounting (454 frames)
#726    Element.inflateWidget (package:flutter/src/widgets/framework.dart:4590:20)
#727    Element.updateChild (package:flutter/src/widgets/framework.dart:4053:20)
#728    ComponentElement.performRebuild (package:flutter/src/widgets/framework.dart:5844:16)
#729    Element.rebuild (package:flutter/src/widgets/framework.dart:5532:7)
#730    ProxyElement.update (package:flutter/src/widgets/framework.dart:6152:5)
#731    _InheritedNotifierElement.update (package:flutter/src/widgets/inherited_notifier.dart:108:11)
#732    Element.updateChild (package:flutter/src/widgets/framework.dart:4037:15)
#733    ComponentElement.performRebuild (package:flutter/src/widgets/framework.dart:5844:16)
#734    StatefulElement.performRebuild (package:flutter/src/widgets/framework.dart:5985:11)
#735    Element.rebuild (package:flutter/src/widgets/framework.dart:5532:7)
#736    StatefulElement.update (package:flutter/src/widgets/framework.dart:6010:5)
#737    Element.updateChild (package:flutter/src/widgets/framework.dart:4037:15)
#738    ComponentElement.performRebuild (package:flutter/src/widgets/framework.dart:5844:16)
#739    Element.rebuild (package:flutter/src/widgets/framework.dart:5532:7)
#740    ProxyElement.update (package:flutter/src/widgets/framework.dart:6152:5)
#741    _InheritedNotifierElement.update (package:flutter/src/widgets/inherited_notifier.dart:108:11)
#742    Element.updateChild (package:flutter/src/widgets/framework.dart:4037:15)
#743    ComponentElement.performRebuild (package:flutter/src/widgets/framework.dart:5844:16)
#744    StatefulElement.performRebuild (package:flutter/src/widgets/framework.dart:5985:11)
#745    Element.rebuild (package:flutter/src/widgets/framework.dart:5532:7)
#746    StatefulElement.update (package:flutter/src/widgets/framework.dart:6010:5)
#747    Element.updateChild (package:flutter/src/widgets/framework.dart:4037:15)
#748    ComponentElement.performRebuild (package:flutter/src/widgets/framework.dart:5844:16)
#749    StatefulElement.performRebuild (package:flutter/src/widgets/framework.dart:5985:11)
#750    Element.rebuild (package:flutter/src/widgets/framework.dart:5532:7)
#751    StatefulElement.update (package:flutter/src/widgets/framework.dart:6010:5)
#752    Element.updateChild (package:flutter/src/widgets/framework.dart:4037:15)
#753    ComponentElement.performRebuild (package:flutter/src/widgets/framework.dart:5844:16)
#754    Element.rebuild (package:flutter/src/widgets/framework.dart:5532:7)
#755    ProxyElement.update (package:flutter/src/widgets/framework.dart:6152:5)
#756    Element.updateChild (package:flutter/src/widgets/framework.dart:4037:15)
#757    ComponentElement.performRebuild (package:flutter/src/widgets/framework.dart:5844:16)
#758    StatefulElement.performRebuild (package:flutter/src/widgets/framework.dart:5985:11)
#759    Element.rebuild (package:flutter/src/widgets/framework.dart:5532:7)
#760    StatefulElement.update (package:flutter/src/widgets/framework.dart:6010:5)
#761    Element.updateChild (package:flutter/src/widgets/framework.dart:4037:15)
#762    ComponentElement.performRebuild (package:flutter/src/widgets/framework.dart:5844:16)
#763    Element.rebuild (package:flutter/src/widgets/framework.dart:5532:7)
#764    ProxyElement.update (package:flutter/src/widgets/framework.dart:6152:5)
#765    Element.updateChild (package:flutter/src/widgets/framework.dart:4037:15)
#766    ComponentElement.performRebuild (package:flutter/src/widgets/framework.dart:5844:16)
#767    Element.rebuild (package:flutter/src/widgets/framework.dart:5532:7)
#768    ProxyElement.update (package:flutter/src/widgets/framework.dart:6152:5)
#769    Element.updateChild (package:flutter/src/widgets/framework.dart:4037:15)
#770    _RawViewElement._updateChild (package:flutter/src/widgets/view.dart:481:16)
#771    _RawViewElement.update (package:flutter/src/widgets/view.dart:568:5)
#772    Element.updateChild (package:flutter/src/widgets/framework.dart:4037:15)
#773    ComponentElement.performRebuild (package:flutter/src/widgets/framework.dart:5844:16)
#774    Element.rebuild (package:flutter/src/widgets/framework.dart:5532:7)
#775    StatelessElement.update (package:flutter/src/widgets/framework.dart:5898:5)
#776    Element.updateChild (package:flutter/src/widgets/framework.dart:4037:15)
#777    ComponentElement.performRebuild (package:flutter/src/widgets/framework.dart:5844:16)
#778    StatefulElement.performRebuild (package:flutter/src/widgets/framework.dart:5985:11)
#779    Element.rebuild (package:flutter/src/widgets/framework.dart:5532:7)
#780    StatefulElement.update (package:flutter/src/widgets/framework.dart:6010:5)
#781    Element.updateChild (package:flutter/src/widgets/framework.dart:4037:15)
#782    RootElement._rebuild (package:flutter/src/widgets/binding.dart:1782:16)
#783    RootElement.update (package:flutter/src/widgets/binding.dart:1760:5)
#784    RootElement.performRebuild (package:flutter/src/widgets/binding.dart:1774:7)
#785    Element.rebuild (package:flutter/src/widgets/framework.dart:5532:7)
#786    BuildScope._tryRebuild (package:flutter/src/widgets/framework.dart:2750:15)
#787    BuildScope._flushDirtyElements (package:flutter/src/widgets/framework.dart:2807:11)
#788    BuildOwner.buildScope (package:flutter/src/widgets/framework.dart:3111:18)
#789    AutomatedTestWidgetsFlutterBinding.drawFrame (package:flutter_test/src/binding.dart:1506:19)
#790    RendererBinding._handlePersistentFrameCallback (package:flutter/src/rendering/binding.dart:495:5)
#791    SchedulerBinding._invokeFrameCallback (package:flutter/src/scheduler/binding.dart:1434:15)
#792    SchedulerBinding.handleDrawFrame (package:flutter/src/scheduler/binding.dart:1347:9)
#793    AutomatedTestWidgetsFlutterBinding.pump.<anonymous closure> (package:flutter_test/src/binding.dart:1335:9)
#796    TestAsyncUtils.guard (package:flutter_test/src/test_async_utils.dart:74:41)
#797    AutomatedTestWidgetsFlutterBinding.pump (package:flutter_test/src/binding.dart:1324:27)
#798    WidgetTester.pumpWidget.<anonymous closure> (package:flutter_test/src/widget_tester.dart:598:22)
#801    TestAsyncUtils.guard (package:flutter_test/src/test_async_utils.dart:74:41)
#802    WidgetTester.pumpWidget (package:flutter_test/src/widget_tester.dart:595:27)
#803    main.<anonymous closure> (file:///C:/codings/theapp/test/widget_test.dart:15:18)
#804    testWidgets.<anonymous closure>.<anonymous closure> (package:flutter_test/src/widget_tester.dart:192:29)
<asynchronous suspension>
#805    TestWidgetsFlutterBinding._runTestBody (package:flutter_test/src/binding.dart:1059:5)
<asynchronous suspension>
<asynchronous suspension>
(elided 5 frames from dart:async and package:stack_trace)

ÔòÉÔòÉÔòÉÔòÉÔòÉÔòÉÔòÉÔòÉÔòÉÔòÉÔòÉÔòÉÔòÉÔòÉÔòÉÔòÉÔòÉÔòÉÔòÉÔòÉÔòÉÔòÉÔòÉÔòÉÔòÉÔòÉÔòÉÔòÉÔòÉÔòÉÔòÉÔòÉÔòÉÔòÉÔòÉÔòÉÔòÉÔòÉÔòÉÔòÉÔòÉÔòÉÔòÉÔòÉÔòÉÔòÉÔòÉÔòÉÔòÉÔòÉÔòÉÔòÉÔòÉÔòÉÔòÉÔòÉÔòÉÔòÉÔòÉÔòÉÔòÉÔòÉÔòÉÔòÉÔòÉÔòÉÔòÉÔòÉÔòÉÔòÉÔòÉÔòÉÔòÉÔòÉÔòÉÔòÉÔòÉÔòÉÔòÉÔòÉÔòÉÔòÉÔòÉÔòÉÔòÉÔòÉÔòÉÔòÉÔòÉÔòÉÔòÉÔòÉÔòÉÔòÉÔòÉÔòÉÔòÉÔòÉÔòÉÔòÉ
00:00 +0 -1: App boots without crashing [E]
  Test failed. See exception logs above.
  The test description was: App boots without crashing
  
00:00 +0 -1: Some tests failed.
